Initialized native services in: C:\Users\MW\.gradle\native
Initialized jansi services in: C:\Users\MW\.gradle\native
Received JVM installation metadata from 'C:\Program Files\Java\jdk-17': {JAVA_HOME=C:\Program Files\Java\jdk-17, JAVA_VERSION=17.0.12, JAVA_VENDOR=Oracle Corporation, RUNTIME_NAME=Java(TM) SE Runtime Environment, RUNTIME_VERSION=17.0.12+8-LTS-286, VM_NAME=Java HotSpot(TM) 64-Bit Server VM, VM_VERSION=17.0.12+8-LTS-286, VM_VENDOR=Oracle Corporation, OS_ARCH=amd64}
Found daemon DaemonInfo{pid=33764, address=[abd65329-ad36-499f-b873-7280ae52d8f7 port:6911, addresses:[/127.0.0.1]], state=Idle, lastBusy=1765476326998, context=DefaultDaemonContext[uid=cfd3f051-6cd5-40b6-8afa-01e338f7b730,javaHome=C:\Users\MW\.antigravity\extensions\redhat.java-1.50.0-win32-x64\jre\21.0.9-win32-x86_64,daemonRegistryDir=C:\Users\MW\.gradle\daemon,pid=33764,idleTimeout=10800000,priority=NORMAL,applyInstrumentationAgent=true,daemonOpts=--add-opens=java.base/java.util=ALL-UNNAMED,--add-opens=java.base/java.lang=ALL-UNNAMED,--add-opens=java.base/java.lang.invoke=ALL-UNNAMED,--add-opens=java.prefs/java.util.prefs=ALL-UNNAMED,--add-opens=java.base/java.nio.charset=ALL-UNNAMED,--add-opens=java.base/java.net=ALL-UNNAMED,--add-opens=java.base/java.util.concurrent.atomic=ALL-UNNAMED,-Dfile.encoding=UTF-8,-Duser.country=KR,-Duser.language=ko,-Duser.variant]} however its context does not match the desired criteria.
Java home is different.
Wanted: DefaultDaemonContext[uid=null,javaHome=C:\Program Files\Java\jdk-17,daemonRegistryDir=C:\Users\MW\.gradle\daemon,pid=2964,idleTimeout=null,priority=NORMAL,applyInstrumentationAgent=true,daemonOpts=--add-opens=java.base/java.util=ALL-UNNAMED,--add-opens=java.base/java.lang=ALL-UNNAMED,--add-opens=java.base/java.lang.invoke=ALL-UNNAMED,--add-opens=java.prefs/java.util.prefs=ALL-UNNAMED,--add-opens=java.base/java.nio.charset=ALL-UNNAMED,--add-opens=java.base/java.net=ALL-UNNAMED,--add-opens=java.base/java.util.concurrent.atomic=ALL-UNNAMED,-XX:MaxMetaspaceSize=384m,-XX:+HeapDumpOnOutOfMemoryError,-Xms256m,-Xmx512m,-Dfile.encoding=UTF-8,-Duser.country=KR,-Duser.language=ko,-Duser.variant]
Actual: DefaultDaemonContext[uid=cfd3f051-6cd5-40b6-8afa-01e338f7b730,javaHome=C:\Users\MW\.antigravity\extensions\redhat.java-1.50.0-win32-x64\jre\21.0.9-win32-x86_64,daemonRegistryDir=C:\Users\MW\.gradle\daemon,pid=33764,idleTimeout=10800000,priority=NORMAL,applyInstrumentationAgent=true,daemonOpts=--add-opens=java.base/java.util=ALL-UNNAMED,--add-opens=java.base/java.lang=ALL-UNNAMED,--add-opens=java.base/java.lang.invoke=ALL-UNNAMED,--add-opens=java.prefs/java.util.prefs=ALL-UNNAMED,--add-opens=java.base/java.nio.charset=ALL-UNNAMED,--add-opens=java.base/java.net=ALL-UNNAMED,--add-opens=java.base/java.util.concurrent.atomic=ALL-UNNAMED,-Dfile.encoding=UTF-8,-Duser.country=KR,-Duser.language=ko,-Duser.variant]

  Looking for a different daemon...
Found daemon DaemonInfo{pid=16576, address=[7e10db2c-fe09-4c8c-97f9-f31f1838d53d port:14421, addresses:[/127.0.0.1]], state=Idle, lastBusy=1765528999549, context=DefaultDaemonContext[uid=4bbf02c4-2d53-4141-855c-7611d19e2a9a,javaHome=C:\Users\MW\.antigravity\extensions\redhat.java-1.50.0-win32-x64\jre\21.0.9-win32-x86_64,daemonRegistryDir=C:\Users\MW\.gradle\daemon,pid=16576,idleTimeout=10800000,priority=NORMAL,applyInstrumentationAgent=true,daemonOpts=--add-opens=java.base/java.util=ALL-UNNAMED,--add-opens=java.base/java.lang=ALL-UNNAMED,--add-opens=java.base/java.lang.invoke=ALL-UNNAMED,--add-opens=java.prefs/java.util.prefs=ALL-UNNAMED,--add-opens=java.base/java.nio.charset=ALL-UNNAMED,--add-opens=java.base/java.net=ALL-UNNAMED,--add-opens=java.base/java.util.concurrent.atomic=ALL-UNNAMED,-XX:MaxMetaspaceSize=384m,-XX:+HeapDumpOnOutOfMemoryError,-Xms256m,-Xmx512m,-Dfile.encoding=UTF-8,-Duser.country=KR,-Duser.language=ko,-Duser.variant]} however its context does not match the desired criteria.
Java home is different.
Wanted: DefaultDaemonContext[uid=null,javaHome=C:\Program Files\Java\jdk-17,daemonRegistryDir=C:\Users\MW\.gradle\daemon,pid=2964,idleTimeout=null,priority=NORMAL,applyInstrumentationAgent=true,daemonOpts=--add-opens=java.base/java.util=ALL-UNNAMED,--add-opens=java.base/java.lang=ALL-UNNAMED,--add-opens=java.base/java.lang.invoke=ALL-UNNAMED,--add-opens=java.prefs/java.util.prefs=ALL-UNNAMED,--add-opens=java.base/java.nio.charset=ALL-UNNAMED,--add-opens=java.base/java.net=ALL-UNNAMED,--add-opens=java.base/java.util.concurrent.atomic=ALL-UNNAMED,-XX:MaxMetaspaceSize=384m,-XX:+HeapDumpOnOutOfMemoryError,-Xms256m,-Xmx512m,-Dfile.encoding=UTF-8,-Duser.country=KR,-Duser.language=ko,-Duser.variant]
Actual: DefaultDaemonContext[uid=4bbf02c4-2d53-4141-855c-7611d19e2a9a,javaHome=C:\Users\MW\.antigravity\extensions\redhat.java-1.50.0-win32-x64\jre\21.0.9-win32-x86_64,daemonRegistryDir=C:\Users\MW\.gradle\daemon,pid=16576,idleTimeout=10800000,priority=NORMAL,applyInstrumentationAgent=true,daemonOpts=--add-opens=java.base/java.util=ALL-UNNAMED,--add-opens=java.base/java.lang=ALL-UNNAMED,--add-opens=java.base/java.lang.invoke=ALL-UNNAMED,--add-opens=java.prefs/java.util.prefs=ALL-UNNAMED,--add-opens=java.base/java.nio.charset=ALL-UNNAMED,--add-opens=java.base/java.net=ALL-UNNAMED,--add-opens=java.base/java.util.concurrent.atomic=ALL-UNNAMED,-XX:MaxMetaspaceSize=384m,-XX:+HeapDumpOnOutOfMemoryError,-Xms256m,-Xmx512m,-Dfile.encoding=UTF-8,-Duser.country=KR,-Duser.language=ko,-Duser.variant]

  Looking for a different daemon...
Found daemon DaemonInfo{pid=3360, address=[eb71fdb4-cb58-41bc-b4c2-21f688760f42 port:4434, addresses:[/127.0.0.1]], state=Idle, lastBusy=1765529090490, context=DefaultDaemonContext[uid=3a9c0564-9fdb-4ace-a4aa-b78bce7ffe12,javaHome=C:\Program Files\Java\jdk-17,daemonRegistryDir=C:\Users\MW\.gradle\daemon,pid=3360,idleTimeout=10800000,priority=NORMAL,applyInstrumentationAgent=true,daemonOpts=--add-opens=java.base/java.util=ALL-UNNAMED,--add-opens=java.base/java.lang=ALL-UNNAMED,--add-opens=java.base/java.lang.invoke=ALL-UNNAMED,--add-opens=java.prefs/java.util.prefs=ALL-UNNAMED,--add-opens=java.base/java.nio.charset=ALL-UNNAMED,--add-opens=java.base/java.net=ALL-UNNAMED,--add-opens=java.base/java.util.concurrent.atomic=ALL-UNNAMED,-XX:MaxMetaspaceSize=384m,-XX:+HeapDumpOnOutOfMemoryError,-Xms256m,-Xmx512m,-Dfile.encoding=utf8,-Duser.country=KR,-Duser.language=ko,-Duser.variant]} however its context does not match the desired criteria.
At least one daemon option is different.
Wanted: DefaultDaemonContext[uid=null,javaHome=C:\Program Files\Java\jdk-17,daemonRegistryDir=C:\Users\MW\.gradle\daemon,pid=2964,idleTimeout=null,priority=NORMAL,applyInstrumentationAgent=true,daemonOpts=--add-opens=java.base/java.util=ALL-UNNAMED,--add-opens=java.base/java.lang=ALL-UNNAMED,--add-opens=java.base/java.lang.invoke=ALL-UNNAMED,--add-opens=java.prefs/java.util.prefs=ALL-UNNAMED,--add-opens=java.base/java.nio.charset=ALL-UNNAMED,--add-opens=java.base/java.net=ALL-UNNAMED,--add-opens=java.base/java.util.concurrent.atomic=ALL-UNNAMED,-XX:MaxMetaspaceSize=384m,-XX:+HeapDumpOnOutOfMemoryError,-Xms256m,-Xmx512m,-Dfile.encoding=UTF-8,-Duser.country=KR,-Duser.language=ko,-Duser.variant]
Actual: DefaultDaemonContext[uid=3a9c0564-9fdb-4ace-a4aa-b78bce7ffe12,javaHome=C:\Program Files\Java\jdk-17,daemonRegistryDir=C:\Users\MW\.gradle\daemon,pid=3360,idleTimeout=10800000,priority=NORMAL,applyInstrumentationAgent=true,daemonOpts=--add-opens=java.base/java.util=ALL-UNNAMED,--add-opens=java.base/java.lang=ALL-UNNAMED,--add-opens=java.base/java.lang.invoke=ALL-UNNAMED,--add-opens=java.prefs/java.util.prefs=ALL-UNNAMED,--add-opens=java.base/java.nio.charset=ALL-UNNAMED,--add-opens=java.base/java.net=ALL-UNNAMED,--add-opens=java.base/java.util.concurrent.atomic=ALL-UNNAMED,-XX:MaxMetaspaceSize=384m,-XX:+HeapDumpOnOutOfMemoryError,-Xms256m,-Xmx512m,-Dfile.encoding=utf8,-Duser.country=KR,-Duser.language=ko,-Duser.variant]

  Looking for a different daemon...
The client will now receive all logging from the daemon (pid: 19156). The daemon log file: C:\Users\MW\.gradle\daemon\8.5\daemon-19156.out.log
Starting 16th build in daemon [uptime: 44 mins 15.477 secs, performance: 100%, GC rate: 0.00/s, heap usage: 0% of 512 MiB, non-heap usage: 18% of 384 MiB]
Using 12 worker leases.
Now considering [C:\Users\MW\Downloads\coding\PZ] as hierarchies to watch
Watching the file system is configured to be enabled if available
File system watching is active
Invalidating in-memory cache of C:\Users\MW\Downloads\coding\PZ\.gradle\8.5\checksums\md5-checksums.bin
Invalidating in-memory cache of C:\Users\MW\Downloads\coding\PZ\.gradle\8.5\checksums\sha1-checksums.bin
Invalidating in-memory cache of C:\Users\MW\Downloads\coding\PZ\.gradle\8.5\checksums\sha256-checksums.bin
Invalidating in-memory cache of C:\Users\MW\Downloads\coding\PZ\.gradle\8.5\checksums\sha512-checksums.bin
Starting Build
Settings evaluated using settings file 'C:\Users\MW\Downloads\coding\PZ\settings.gradle'.
Projects loaded. Root project using build file 'C:\Users\MW\Downloads\coding\PZ\build.gradle'.
Included projects: [root project 'pz-mods', project ':Echo', project ':Fuse', project ':Nerve', project ':Pulse', project ':pulse-api']

> Configure project :
Evaluating root project 'pz-mods' using build file 'C:\Users\MW\Downloads\coding\PZ\build.gradle'.
Invalidating in-memory cache of C:\Users\MW\.gradle\caches\8.5\fileHashes\fileHashes.bin
Invalidating in-memory cache of C:\Users\MW\.gradle\caches\8.5\fileHashes\resourceHashesCache.bin

> Configure project :Echo
Evaluating project ':Echo' using build file 'C:\Users\MW\Downloads\coding\PZ\Echo\build.gradle'.
Invalidating in-memory cache of C:\Users\MW\.gradle\caches\journal-1\file-access.bin

> Configure project :Fuse
Evaluating project ':Fuse' using build file 'C:\Users\MW\Downloads\coding\PZ\Fuse\build.gradle'.

> Configure project :Nerve
Evaluating project ':Nerve' using build file 'C:\Users\MW\Downloads\coding\PZ\Nerve\build.gradle'.

> Configure project :Pulse
Evaluating project ':Pulse' using build file 'C:\Users\MW\Downloads\coding\PZ\Pulse\build.gradle'.

> Configure project :pulse-api
Evaluating project ':pulse-api' using build file 'C:\Users\MW\Downloads\coding\PZ\pulse-api\build.gradle'.
All projects evaluated.
Task path ':Pulse:test' matched project ':Pulse'
Task name matched 'test'
Selected primary task 'test' from project :Pulse
Tasks to be executed: [task ':pulse-api:compileJava', task ':Pulse:compileJava', task ':Pulse:processResources', task ':Pulse:classes', task ':Pulse:compileTestJava', task ':Pulse:processTestResources', task ':Pulse:testClasses', task ':pulse-api:processResources', task ':pulse-api:classes', task ':pulse-api:jar', task ':Pulse:test']
Tasks that were excluded: []
Resolve mutations for :pulse-api:compileJava (Thread[Execution worker,5,main]) started.
:pulse-api:compileJava (Thread[Execution worker,5,main]) started.

> Task :pulse-api:compileJava UP-TO-DATE
Caching disabled for task ':pulse-api:compileJava' because:
  Build cache is disabled
Skipping task ':pulse-api:compileJava' as it is up-to-date.
work action resolve main (project :pulse-api) (Thread[Execution worker,5,main]) started.
Resolve mutations for :Pulse:compileJava (Thread[Execution worker,5,main]) started.
:Pulse:compileJava (Thread[Execution worker,5,main]) started.

> Task :Pulse:compileJava FAILED
Caching disabled for task ':Pulse:compileJava' because:
  Build cache is disabled
Task ':Pulse:compileJava' is not up-to-date because:
  Input property 'stableSources' file C:\Users\MW\Downloads\coding\PZ\Pulse\src\main\java\com\pulse\bootstrap\ModInitializer.java has changed.
Created classpath snapshot for incremental compilation in 0.008 secs.
Compiling with toolchain 'C:\Program Files\Java\jdk-17'.
Compiling with JDK Java compiler API.
./gradlew : C:\Users\M
W\Downloads\coding\PZ\
Pulse\src\main\java\co
m\pulse\bootstrap\ModI
nitializer.java:17: er
ror: illegal start of 
expression
At line:1 char:1
+ ./gradlew :Pulse:tes
t --tests com.pulse.bo
otstrap.* --info --con
sole= ...
+ ~~~~~~~~~~~~~~~~~~~~
~~~~~~~~~~~~~~~~~~~~~~
~~~~~~~~~~~~~~~~~~~~~~
~~~~~
    + CategoryInfo    
          : NotSpeci  
  fied: (C:\Users\M   
 W\Dow...t of expr    
ession:String) []    ,
 RemoteException
    + FullyQualifiedE 
   rrorId : NativeCo  
  mmandError
 
    private final ModL
oader modLoader;
    ^
C:\Users\MW\Downloads\
coding\PZ\Pulse\src\ma
in\java\com\pulse\boot
strap\ModInitializer.j
ava:15: error: 'try' w
ithout 'catch', 'final
ly' or resource declar
ations
        try {
        ^
2 errors
Incremental compilation of 2 classes completed in 0.066 secs.

FAILURE: Build failed 
with an exception.

* What went wrong:
Execution failed for t
ask ':Pulse:compileJav
a'.
> Compilation failed; 
see the compiler error
 output for details.

* Try:
> Run with --scan to g
et full insights.

BUILD FAILED in 1s
2 actionable tasks: 1 executed, 1 up-to-date
Watched directory hierarchies: [C:\Users\MW\Downloads\coding\PZ]
